// Jest Snapshot v1, https://goo.gl/fbAQLP

exports[`GridItemTitle should display correctly 1`] = `
<h2
  className="sc-bdVaJa dRdLhg"
/>
`;
