// Jest Snapshot v1, https://goo.gl/fbAQLP

exports[`GridItemThumb should display correctly 1`] = `
<img
  className="sc-bdVaJa hqjwmh"
/>
`;
