// Jest Snapshot v1, https://goo.gl/fbAQLP

exports[`Error should display an error message 1`] = `
<div
  className="sc-bdVaJa BPjXy"
>
  test error
</div>
`;
